export const snapshot = {};

snapshot[`checkbox prompt > should check an option 1`] = `
stdout:
--------------------------
? Select an option
❯ ✘ Foo
  ✘ Bar
  ✘ Baz[3A[19G[?25l[G[0J
? Select an option
  ✘ Foo
❯ ✘ Bar
  ✘ Baz[3A[19G[?25l[G[0J
? Select an option
  ✘ Foo
  ✘ Bar
❯ ✘ Baz[3A[19G[?25l[G[0J
? Select an option
  ✘ Foo
  ✘ Bar
❯ ✔ Baz[3A[19G[?25l[G[0J
? Select an option › Baz
[?25h[?25h
--------------------------
stderr:
--------------------------
--------------------------
`;
