export const snapshot = {};

snapshot[`input prompt with suggestions > should enable suggestions and list 1`] = `
"stdout:
? Whats your name? (foo) » 
  foo
  bar
  baz\\x1b[3A\\x1b[28G\\x1b[G\\x1b[0J
? Whats your name? (foo) » foo
❯ foo\\x1b[1A\\x1b[31G\\x1b[G\\x1b[0J
? Whats your name? (foo) » foo
\\x1b[?25h\\x1b[?25h
stderr:
"
`;
