export const snapshot = {};

snapshot[`prompt snapshot tests file:///Users/c4spar/workspace/deno/deno-cliffy/prompt/test/integration/input_no_location_flag_test.ts 1`] = `
"stdout:
? Works without --location? (hope so) › \\x1b[41G\\x1b[G\\x1b[0J
? Works without --location? (hope so) › yes\\x1b[44G\\x1b[G\\x1b[0J
? Works without --location? (hope so) › yes
\\x1b[?25h\\x1b[?25h
stderr:
"
`;
