export const snapshot = {};

snapshot[`prompt snapshot tests file:///Users/c4spar/workspace/deno/deno-cliffy/prompt/test/integration/input_no_prefix_test.ts 1`] = `
"stdout:
Whats your name? (foo) » \\x1b[26G\\x1b[G\\x1b[0J
Whats your name? (foo) » bar\\x1b[29G\\x1b[G\\x1b[0J
Whats your name? (foo) » bar
\\x1b[?25h\\x1b[?25h
stderr:
"
`;
