export const snapshot = {};

snapshot[`number prompt > should enter a number 1`] = `
stdout:
--------------------------
? How old are you? (7) › [26G[G[0J
? How old are you? (7) › 19[28G[G[0J
? How old are you? (7) › 20[27G[G[0J
? How old are you? (7) › 21[27G[G[0J
? How old are you? (7) › 20[27G[G[0J
? How old are you? (7) › 19[27G[G[0J
? How old are you? (7) › 18[27G[G[0J
? How old are you? (7) › 17[27G[G[0J
? How old are you? (7) › 18[27G[G[0J
? How old are you? (7) › 19[27G[G[0J
? How old are you? (7) › 20[27G[G[0J
? How old are you? (7) › 20
[?25h[?25h
--------------------------
stderr:
--------------------------
--------------------------
`;

snapshot[`number prompt with float > should enter a floating number 1`] = `
stdout:
--------------------------
? How old are you? (7) › [26G[G[0J
? How old are you? (7) › 19.[29G[G[0J
? How old are you? (7) › 19.1[29G[G[0J
? How old are you? (7) › 19.2[29G[G[0J
? How old are you? (7) › 19.3[29G[G[0J
? How old are you? (7) › 19.4[29G[G[0J
? How old are you? (7) › 19.4
[?25h[?25h
--------------------------
stderr:
--------------------------
--------------------------
`;
