export const snapshot = {};

snapshot[`assert prompt snapshot - number_decimal_test.ts 1`] = `
"stdout:
? How old are you? (7) › \\x1b[26G\\x1b[G\\x1b[0J
? How old are you? (7) › 19.\\x1b[29G\\x1b[G\\x1b[0J
? How old are you? (7) › 19.1\\x1b[29G\\x1b[G\\x1b[0J
? How old are you? (7) › 19.2\\x1b[29G\\x1b[G\\x1b[0J
? How old are you? (7) › 19.3\\x1b[29G\\x1b[G\\x1b[0J
? How old are you? (7) › 19.4\\x1b[29G\\x1b[G\\x1b[0J
? How old are you? (7) › 19.4
\\x1b[?25h\\x1b[?25h
stderr:
"
`;
