export const snapshot = {};

snapshot[`prompt method > should check an option 1`] = `
stdout:
--------------------------
[checkbox:before] input is: foo
{
  input: "foo",
  number: 43,
  confirm: true,
  toggle: true,
  checkbox: [ "bar", "baz" ]
}

--------------------------
stderr:
--------------------------
? Enter some text (default value) › [37G[G[0J
? Enter some text (default value) › f[38G[G[0J
? Enter some text (default value) › fo[39G[G[0J
? Enter some text (default value) › foo[40G[G[0J
? Enter some text (default value) › foo
[?25h[?25h[?25h? Enter a number › [20G[G[0J
? Enter a number › 4[21G[G[0J
? Enter a number › 43[22G[G[0J
? Enter a number › 43
[?25h[?25h[?25h? Please confirm (y/n) › [26G[G[0J
? Please confirm (y/n) › yes[27G[G[0J
? Please confirm (y/n) › Yes
[?25h[?25h[?25h? Please toggle (No) › No / Yes
❯ some hint[1A[0G[?25l[G[0J
? Please toggle (No) › No / Yes
❯ some hint[1A[0G[?25l[G[0J
? Please toggle (No) › No / Yes
❯ some hint[1A[0G[?25l[G[0J
? Please toggle (No) › No / Yes
❯ some hint[1A[0G[?25l[G[0J
? Please toggle (No) › Yes
[?25h[?25h[?25h? Select an option
❯ ✘ Foo
  ✘ Bar
  ✘ Baz[3A[19G[?25l[G[0J
? Select an option
  ✘ Foo
❯ ✘ Bar
  ✘ Baz[3A[19G[?25l[G[0J
? Select an option
  ✘ Foo
❯ ✔ Bar
  ✘ Baz[3A[19G[?25l[G[0J
? Select an option
  ✘ Foo
  ✔ Bar
❯ ✘ Baz[3A[19G[?25l[G[0J
? Select an option
  ✘ Foo
  ✔ Bar
❯ ✔ Baz[3A[19G[?25l[G[0J
? Select an option › Bar, Baz
[?25h[?25h[?25h--------------------------
`;
