export const snapshot = {};

snapshot[`prompt method > should check an option 1`] = `
stdout:
'[checkbox:before] input is: foo
{
  input: "foo",
  number: 43,
  confirm: true,
  toggle: true,
  checkbox: [ "bar", "baz" ],
  select: 2
}
'
stderr:
"? Enter some text (default value) › \\x1b[37G\\x1b[G\\x1b[0J
? Enter some text (default value) › f\\x1b[38G\\x1b[G\\x1b[0J
? Enter some text (default value) › fo\\x1b[39G\\x1b[G\\x1b[0J
? Enter some text (default value) › foo\\x1b[40G\\x1b[G\\x1b[0J
? Enter some text (default value) › foo
\\x1b[?25h\\x1b[?25h\\x1b[?25h? Enter a number › \\x1b[20G\\x1b[G\\x1b[0J
? Enter a number › 4\\x1b[21G\\x1b[G\\x1b[0J
? Enter a number › 43\\x1b[22G\\x1b[G\\x1b[0J
? Enter a number › 43
\\x1b[?25h\\x1b[?25h\\x1b[?25h? Please confirm (y/n) › \\x1b[26G\\x1b[G\\x1b[0J
? Please confirm (y/n) › yes\\x1b[27G\\x1b[G\\x1b[0J
? Please confirm (y/n) › Yes
\\x1b[?25h\\x1b[?25h\\x1b[?25h? Please toggle (No) › No / Yes
❯ some hint\\x1b[1A\\x1b[0G\\x1b[?25l\\x1b[G\\x1b[0J
? Please toggle (No) › No / Yes
❯ some hint\\x1b[1A\\x1b[0G\\x1b[?25l\\x1b[G\\x1b[0J
? Please toggle (No) › No / Yes
❯ some hint\\x1b[1A\\x1b[0G\\x1b[?25l\\x1b[G\\x1b[0J
? Please toggle (No) › No / Yes
❯ some hint\\x1b[1A\\x1b[0G\\x1b[?25l\\x1b[G\\x1b[0J
? Please toggle (No) › Yes
\\x1b[?25h\\x1b[?25h\\x1b[?25h? Select an option
❯ ✘ Foo
  ✘ Bar
  ✘ Baz\\x1b[3A\\x1b[0G\\x1b[?25l\\x1b[G\\x1b[0J
? Select an option
  ✘ Foo
❯ ✘ Bar
  ✘ Baz\\x1b[3A\\x1b[0G\\x1b[?25l\\x1b[G\\x1b[0J
? Select an option
  ✘ Foo
❯ ✔ Bar
  ✘ Baz\\x1b[3A\\x1b[0G\\x1b[?25l\\x1b[G\\x1b[0J
? Select an option
  ✘ Foo
  ✔ Bar
❯ ✘ Baz\\x1b[3A\\x1b[0G\\x1b[?25l\\x1b[G\\x1b[0J
? Select an option
  ✘ Foo
  ✔ Bar
❯ ✔ Baz\\x1b[3A\\x1b[0G\\x1b[?25l\\x1b[G\\x1b[0J
? Select an option
  ✘ Foo
  ✔ Bar
❯ ✔ Baz
Press ↵ again to submit. To check or uncheck the selected option press space.\\x1b[4A\\x1b[0G\\x1b[?25l\\x1b[G\\x1b[0J
? Select an option › Bar, Baz
\\x1b[?25h\\x1b[?25h\\x1b[?25h? Select a value
❯ 1
  2
  3\\x1b[3A\\x1b[0G\\x1b[?25l\\x1b[G\\x1b[0J
? Select a value
  1
❯ 2
  3\\x1b[3A\\x1b[0G\\x1b[?25l\\x1b[G\\x1b[0J
? Select a value › 2
\\x1b[?25h\\x1b[?25h\\x1b[?25h"
`;
