export const snapshot = {};

snapshot[`prompt snapshot tests file:///Users/c4spar/workspace/deno/deno-cliffy/prompt/test/integration/secret_test.ts 1`] = `
"stdout:
? enter your secret › \\x1b[23G\\x1b[G\\x1b[0J
? enter your secret › ***\\x1b[26G\\x1b[G\\x1b[0J
? enter your secret › ***
\\x1b[?25h\\x1b[?25h
stderr:
"
`;
