export const snapshot = {};

snapshot[`secret prompt > should enter a secret 1`] = `
stdout:
--------------------------
? enter your secret › [23G[G[0J
? enter your secret › ***[26G[G[0J
? enter your secret › ***
[?25h[?25h
--------------------------
stderr:
--------------------------
--------------------------
`;
