export const snapshot = {};

snapshot[`toggle prompt > should toggle the prompt 1`] = `
stdout:
--------------------------
? Please confirm (No) › No / Yes
❯ some hint[1A[0G[?25l[G[0J
? Please confirm (No) › No / Yes
❯ some hint[1A[0G[?25l[G[0J
? Please confirm (No) › No / Yes
❯ some hint[1A[0G[?25l[G[0J
? Please confirm (No) › No / Yes
❯ some hint[1A[0G[?25l[G[0J
? Please confirm (No) › Yes
[?25h[?25h
--------------------------
stderr:
--------------------------
--------------------------
`;
