export const snapshot = {};

snapshot[`[table] should set border on columns 1`] = `
stdout:
"  Foo           Bar           Baz          
┌─────────────┐             ┌─────────────┐
│ foo bar baz │ baz         │ beep boop   │
├─────────────┤             ├─────────────┤
│ baz         │ beep boop   │ foo bar baz │
├─────────────┤             ├─────────────┤
│ beep boop   │ foo bar baz │ baz         │
└─────────────┘             └─────────────┘
"
stderr:
""
`;

snapshot[`[table] should set align on columns 1`] = `
stdout:
"┌─────────────┬─────────────┬─────────────┐
│ Foo         │ Bar         │ Baz         │
├─────────────┼─────────────┼─────────────┤
│ foo bar baz │     baz     │   beep boop │
├─────────────┼─────────────┼─────────────┤
│ baz         │  beep boop  │ foo bar baz │
├─────────────┼─────────────┼─────────────┤
│ beep boop   │ foo bar baz │         baz │
└─────────────┴─────────────┴─────────────┘
"
stderr:
""
`;

snapshot[`[table] should set width on columns 1`] = `
stdout:
"┌──────┬──────────────────────┬─────────────┐
│ Foo  │ Bar                  │ Baz         │
├──────┼──────────────────────┼─────────────┤
│ foo  │ baz                  │   beep boop │
│ bar  │                      │             │
│ baz  │                      │             │
├──────┼──────────────────────┼─────────────┤
│ baz  │ beep boop            │ foo bar baz │
├──────┼──────────────────────┼─────────────┤
│ beep │ foo bar baz          │         baz │
│ boop │                      │             │
└──────┴──────────────────────┴─────────────┘
"
stderr:
""
`;

snapshot[`[table] should set padding on columns 1`] = `
stdout:
"┌─────────────────────┬──────────────────────────────┬─────────────────────┐
│     Foo             │     Bar                      │     Baz             │
├─────────────────────┼──────────────────────────────┼─────────────────────┤
│     foo bar baz     │             baz              │       beep boop     │
├─────────────────────┼──────────────────────────────┼─────────────────────┤
│     baz             │          beep boop           │     foo bar baz     │
├─────────────────────┼──────────────────────────────┼─────────────────────┤
│     beep boop       │         foo bar baz          │             baz     │
└─────────────────────┴──────────────────────────────┴─────────────────────┘
"
stderr:
""
`;

snapshot[`[table] should set column options with column method 1`] = `
stdout:
"┌─────────────────────┬──────────────────────────────┬─────────────────────┐
│     Foo             │     Bar                      │     Baz             │
├─────────────────────┼──────────────────────────────┼─────────────────────┤
│     foo bar baz     │             baz              │       beep boop     │
├─────────────────────┼──────────────────────────────┼─────────────────────┤
│     baz             │          beep boop           │     foo bar baz     │
├─────────────────────┼──────────────────────────────┼─────────────────────┤
│     beep boop       │         foo bar baz          │             baz     │
└─────────────────────┴──────────────────────────────┴─────────────────────┘
"
stderr:
""
`;
